// Vitest Snapshot v1, https://vitest.dev/guide/snapshot.html

exports[`Button > matches snapshot (custom-class) 1`] = `"<button class="inline-flex items-center justify-center rounded-lg font-medium transition disabled:cursor-not-allowed app-button-primary bg-slate-900 text-white hover:bg-slate-800 disabled:bg-slate-400 disabled:text-white light:bg-btn-active light:text-white light:hover:brightness-105 light:disabled:bg-app-btn-brand-disabled light:disabled:text-white/85 h-10 px-4 text-sm mt-2 uppercase">Label</button>"`;

exports[`Button > matches snapshot (danger) 1`] = `"<button class="inline-flex items-center justify-center rounded-lg font-medium transition disabled:cursor-not-allowed bg-red-600 text-white hover:bg-red-500 disabled:bg-red-300 disabled:text-red-50 h-10 px-4 text-sm">Label</button>"`;

exports[`Button > matches snapshot (default) 1`] = `"<button class="inline-flex items-center justify-center rounded-lg font-medium transition disabled:cursor-not-allowed app-button-primary bg-slate-900 text-white hover:bg-slate-800 disabled:bg-slate-400 disabled:text-white light:bg-btn-active light:text-white light:hover:brightness-105 light:disabled:bg-app-btn-brand-disabled light:disabled:text-white/85 h-10 px-4 text-sm">Label</button>"`;

exports[`Button > matches snapshot (disabled) 1`] = `"<button disabled="" class="inline-flex items-center justify-center rounded-lg font-medium transition disabled:cursor-not-allowed app-button-primary bg-slate-900 text-white hover:bg-slate-800 disabled:bg-slate-400 disabled:text-white light:bg-btn-active light:text-white light:hover:brightness-105 light:disabled:bg-app-btn-brand-disabled light:disabled:text-white/85 h-10 px-4 text-sm">Label</button>"`;

exports[`Button > matches snapshot (fullWidth) 1`] = `"<button class="inline-flex items-center justify-center rounded-lg font-medium transition disabled:cursor-not-allowed app-button-primary bg-slate-900 text-white hover:bg-slate-800 disabled:bg-slate-400 disabled:text-white light:bg-btn-active light:text-white light:hover:brightness-105 light:disabled:bg-app-btn-brand-disabled light:disabled:text-white/85 h-10 px-4 text-sm w-full">Label</button>"`;

exports[`Button > matches snapshot (loading) 1`] = `"<button disabled="" class="inline-flex items-center justify-center rounded-lg font-medium transition disabled:cursor-not-allowed app-button-primary bg-slate-900 text-white hover:bg-slate-800 disabled:bg-slate-400 disabled:text-white light:bg-btn-active light:text-white light:hover:brightness-105 light:disabled:bg-app-btn-brand-disabled light:disabled:text-white/85 h-10 px-4 text-sm">Label</button>"`;

exports[`Button > matches snapshot (sm) 1`] = `"<button class="inline-flex items-center justify-center rounded-lg font-medium transition disabled:cursor-not-allowed app-button-primary bg-slate-900 text-white hover:bg-slate-800 disabled:bg-slate-400 disabled:text-white light:bg-btn-active light:text-white light:hover:brightness-105 light:disabled:bg-app-btn-brand-disabled light:disabled:text-white/85 h-8 px-3 text-xs">Label</button>"`;
