// Vitest Snapshot v1, https://vitest.dev/guide/snapshot.html

exports[`Input > snapshot custom-class 1`] = `"<input class="rounded-xl outline-none transition duration-200 focus:border-violet-400/55 focus:ring-2 focus:ring-violet-400/20 light:focus:border-app-border-emphasis light:focus:ring-amber-700/25 disabled:cursor-not-allowed disabled:opacity-60 border border-white/12 bg-white/6 text-white/80 shadow-sm placeholder:text-white/30 hover:border-white/20 light:border-app-border light:bg-app-field light:text-app-fg light:placeholder:text-app-fg-faint light:hover:border-app-border-emphasis h-10 px-3 text-sm mt-2 uppercase" aria-label="Field">"`;

exports[`Input > snapshot default 1`] = `"<input class="rounded-xl outline-none transition duration-200 focus:border-violet-400/55 focus:ring-2 focus:ring-violet-400/20 light:focus:border-app-border-emphasis light:focus:ring-amber-700/25 disabled:cursor-not-allowed disabled:opacity-60 border border-white/12 bg-white/6 text-white/80 shadow-sm placeholder:text-white/30 hover:border-white/20 light:border-app-border light:bg-app-field light:text-app-fg light:placeholder:text-app-fg-faint light:hover:border-app-border-emphasis h-10 px-3 text-sm" aria-label="Field">"`;

exports[`Input > snapshot disabled 1`] = `"<input class="rounded-xl outline-none transition duration-200 focus:border-violet-400/55 focus:ring-2 focus:ring-violet-400/20 light:focus:border-app-border-emphasis light:focus:ring-amber-700/25 disabled:cursor-not-allowed disabled:opacity-60 border border-white/12 bg-white/6 text-white/80 shadow-sm placeholder:text-white/30 hover:border-white/20 light:border-app-border light:bg-app-field light:text-app-fg light:placeholder:text-app-fg-faint light:hover:border-app-border-emphasis h-10 px-3 text-sm" aria-label="Field" disabled="">"`;

exports[`Input > snapshot error 1`] = `"<input class="rounded-xl outline-none transition duration-200 focus:border-violet-400/55 focus:ring-2 focus:ring-violet-400/20 light:focus:border-app-border-emphasis light:focus:ring-amber-700/25 disabled:cursor-not-allowed disabled:opacity-60 border border-red-500/30 bg-red-500/10 text-red-300 placeholder:text-red-300/50 shadow-sm hover:border-red-500/40 light:border-app-danger-border light:bg-app-danger-bg light:text-app-danger-fg light:placeholder:text-app-danger-fg/60 light:hover:border-app-danger-border h-10 px-3 text-sm" aria-label="Field">"`;

exports[`Input > snapshot fullWidth 1`] = `"<input class="rounded-xl outline-none transition duration-200 focus:border-violet-400/55 focus:ring-2 focus:ring-violet-400/20 light:focus:border-app-border-emphasis light:focus:ring-amber-700/25 disabled:cursor-not-allowed disabled:opacity-60 border border-white/12 bg-white/6 text-white/80 shadow-sm placeholder:text-white/30 hover:border-white/20 light:border-app-border light:bg-app-field light:text-app-fg light:placeholder:text-app-fg-faint light:hover:border-app-border-emphasis h-10 px-3 text-sm w-full" aria-label="Field">"`;

exports[`Input > snapshot ghost 1`] = `"<input class="rounded-xl outline-none transition duration-200 focus:border-violet-400/55 focus:ring-2 focus:ring-violet-400/20 light:focus:border-app-border-emphasis light:focus:ring-amber-700/25 disabled:cursor-not-allowed disabled:opacity-60 border border-transparent bg-transparent text-white/80 placeholder:text-white/30 hover:border-white/12 light:text-app-fg light:placeholder:text-app-fg-faint light:hover:border-app-border-subtle h-10 px-3 text-sm" aria-label="Field">"`;

exports[`Input > snapshot lg 1`] = `"<input class="rounded-xl outline-none transition duration-200 focus:border-violet-400/55 focus:ring-2 focus:ring-violet-400/20 light:focus:border-app-border-emphasis light:focus:ring-amber-700/25 disabled:cursor-not-allowed disabled:opacity-60 border border-white/12 bg-white/6 text-white/80 shadow-sm placeholder:text-white/30 hover:border-white/20 light:border-app-border light:bg-app-field light:text-app-fg light:placeholder:text-app-fg-faint light:hover:border-app-border-emphasis h-11 px-4 text-sm" aria-label="Field">"`;

exports[`Input > snapshot panel 1`] = `"<input class="rounded-xl outline-none transition duration-200 focus:border-violet-400/55 focus:ring-2 focus:ring-violet-400/20 light:focus:border-app-border-emphasis light:focus:ring-amber-700/25 disabled:cursor-not-allowed disabled:opacity-60 border border-white/12 bg-white/6 text-white/80 placeholder:text-white/30 hover:border-violet-500/50 light:border-app-border light:bg-app-field light:text-app-fg-muted light:placeholder:text-app-fg-faint light:hover:border-amber-800/35 h-10 px-3 text-sm" aria-label="Field">"`;

exports[`Input > snapshot sm 1`] = `"<input class="rounded-xl outline-none transition duration-200 focus:border-violet-400/55 focus:ring-2 focus:ring-violet-400/20 light:focus:border-app-border-emphasis light:focus:ring-amber-700/25 disabled:cursor-not-allowed disabled:opacity-60 border border-white/12 bg-white/6 text-white/80 shadow-sm placeholder:text-white/30 hover:border-white/20 light:border-app-border light:bg-app-field light:text-app-fg light:placeholder:text-app-fg-faint light:hover:border-app-border-emphasis h-8 px-2 text-xs" aria-label="Field">"`;

exports[`Input > snapshot subtle 1`] = `"<input class="rounded-xl outline-none transition duration-200 focus:border-violet-400/55 focus:ring-2 focus:ring-violet-400/20 light:focus:border-app-border-emphasis light:focus:ring-amber-700/25 disabled:cursor-not-allowed disabled:opacity-60 border border-white/8 bg-white/4 text-white/72 placeholder:text-white/25 hover:border-white/14 light:border-app-border-subtle light:bg-app-surface-subtle light:text-app-fg-muted light:placeholder:text-app-fg-faint light:hover:border-app-border h-10 px-3 text-sm" aria-label="Field">"`;
