// Vitest Snapshot v1, https://vitest.dev/guide/snapshot.html

exports[`ThemeToggle > matches snapshot in dark mode 1`] = `"<button class="theme-toggle" type="button" role="switch" aria-checked="true" aria-label="Switch to light mode" data-state="dark"><svg viewBox="0 0 24 24" class="theme-toggle-icon" aria-hidden="true" fill="none" stroke="currentColor" stroke-linecap="round" stroke-linejoin="round" stroke-width="2.25"><circle cx="12" cy="12" r="4"></circle><path d="M12 2v2M12 20v2M4.93 4.93l1.41 1.41M17.66 17.66l1.41 1.41M2 12h2M20 12h2M4.93 19.07l1.41-1.41M17.66 6.34l1.41-1.41"></path></svg><svg viewBox="0 0 24 24" class="theme-toggle-icon" aria-hidden="true" fill="none" stroke="currentColor" stroke-linecap="round" stroke-linejoin="round" stroke-width="2.25"><path d="M12 3a6 6 0 0 0 9 9 9 9 0 1 1-9-9Z"></path></svg></button>"`;

exports[`ThemeToggle > matches snapshot in light mode 1`] = `"<button class="theme-toggle" type="button" role="switch" aria-checked="false" aria-label="Switch to dark mode" data-state="light"><svg viewBox="0 0 24 24" class="theme-toggle-icon" aria-hidden="true" fill="none" stroke="currentColor" stroke-linecap="round" stroke-linejoin="round" stroke-width="2.25"><circle cx="12" cy="12" r="4"></circle><path d="M12 2v2M12 20v2M4.93 4.93l1.41 1.41M17.66 17.66l1.41 1.41M2 12h2M20 12h2M4.93 19.07l1.41-1.41M17.66 6.34l1.41-1.41"></path></svg><svg viewBox="0 0 24 24" class="theme-toggle-icon" aria-hidden="true" fill="none" stroke="currentColor" stroke-linecap="round" stroke-linejoin="round" stroke-width="2.25"><path d="M12 3a6 6 0 0 0 9 9 9 9 0 1 1-9-9Z"></path></svg></button>"`;
